// Jest Snapshot v1, https://goo.gl/fbAQLP

exports[`#Calendar Body should match snapshot 1`] = `
<div
  className="content-wrapper"
  data-testid="calendar-body-test"
  style={
    Object {
      "fontSize": "15px",
      "fontWeight": "bold",
      "marginRight": "2px",
    }
  }
>
  <div
    className="card dark"
    style={
      Object {
        "height": "100%",
      }
    }
  >
    <div
      className="card-body"
      style={
        Object {
          "fontSize": "15px",
          "fontWeight": "bold",
          "marginRight": "2px",
        }
      }
    >
      <div
        className="calendarWrapper"
      >
        <div
          className="modeWrapper"
        >
          <button
            className="modeButton"
            onClick={[Function]}
          >
            Year
          </button>
          <button
            className="modeButton modeButtonActive"
            onClick={[Function]}
          >
            Month
          </button>
          <button
            className="modeButton"
            onClick={[Function]}
          >
            Day
          </button>
        </div>
        <div
          className="calendarHeader"
        >
          <h1>
            <span
              className="thickText"
            >
              July
            </span>
            Â 
            <span
              className="thinText"
            >
              2021
            </span>
          </h1>
          <div
            className="calendarHeaderButtons"
          >
            <button
              onClick={[Function]}
            >
              June
            </button>
            <button
              onClick={[Function]}
            >
              August
            </button>
          </div>
        </div>
        <div>
          <div
            className="calendarDayOfWeek"
          >
            <div>
              Sun
            </div>
            <div>
              Mon
            </div>
            <div>
              Tue
            </div>
            <div>
              Wed
            </div>
            <div>
              Thu
            </div>
            <div>
              Fri
            </div>
            <div>
              Sat
            </div>
          </div>
          <div
            className="weekRow"
          >
            <div
              className="dayCell"
              id="dayCell"
              onClick={[Function]}
            >
              <div
                className="dayDate inactiveDay"
                id="dayHeader"
              >
                <div
                  className="dayText"
                >
                  <span>
                    27
                  </span>
                </div>
              </div>
            </div>
            <div
              className="dayCell"
              id="dayCell"
              onClick={[Function]}
            >
              <div
                className="dayDate inactiveDay"
                id="dayHeader"
              >
                <div
                  className="dayText"
                >
                  <span>
                    28
                  </span>
                </div>
              </div>
            </div>
            <div
              className="dayCell"
              id="dayCell"
              onClick={[Function]}
            >
              <div
                className="dayDate inactiveDay"
                id="dayHeader"
              >
                <div
                  className="dayText"
                >
                  <span>
                    29
                  </span>
                </div>
              </div>
            </div>
            <div
              className="dayCell"
              id="dayCell"
              onClick={[Function]}
            >
              <div
                className="dayDate inactiveDay"
                id="dayHeader"
              >
                <div
                  className="dayText"
                >
                  <span>
                    30
                  </span>
                </div>
              </div>
            </div>
            <div
              className="dayCell"
              id="dayCell"
              onClick={[Function]}
            >
              <div
                className="dayDate"
                id="dayHeader"
              >
                <div
                  className="dayText"
                >
                  <span>
                    1
                  </span>
                </div>
              </div>
            </div>
            <div
              className="dayCell"
              id="dayCell"
              onClick={[Function]}
            >
              <div
                className="dayDate"
                id="dayHeader"
              >
                <div
                  className="dayText"
                >
                  <span>
                    2
                  </span>
                </div>
              </div>
            </div>
            <div
              className="dayCell"
              id="dayCell"
              onClick={[Function]}
            >
              <div
                className="dayDate"
                id="dayHeader"
              >
                <div
                  className="dayText"
                >
                  <span>
                    3
                  </span>
                </div>
              </div>
            </div>
          </div>
          <div
            className="weekRow"
          >
            <div
              className="dayCell"
              id="dayCell"
              onClick={[Function]}
            >
              <div
                className="dayDate"
                id="dayHeader"
              >
                <div
                  className="dayText"
                >
                  <span>
                    4
                  </span>
                </div>
              </div>
            </div>
            <div
              className="dayCell"
              id="dayCell"
              onClick={[Function]}
            >
              <div
                className="dayDate"
                id="dayHeader"
              >
                <div
                  className="dayText"
                >
                  <span>
                    5
                  </span>
                </div>
              </div>
            </div>
            <div
              className="dayCell"
              id="dayCell"
              onClick={[Function]}
            >
              <div
                className="dayDate"
                id="dayHeader"
              >
                <div
                  className="dayText"
                >
                  <span>
                    6
                  </span>
                </div>
              </div>
            </div>
            <div
              className="dayCell"
              id="dayCell"
              onClick={[Function]}
            >
              <div
                className="dayDate"
                id="dayHeader"
              >
                <div
                  className="dayText"
                >
                  <span>
                    7
                  </span>
                </div>
              </div>
            </div>
            <div
              className="dayCell"
              id="dayCell"
              onClick={[Function]}
            >
              <div
                className="dayDate"
                id="dayHeader"
              >
                <div
                  className="dayText"
                >
                  <span>
                    8
                  </span>
                </div>
              </div>
            </div>
            <div
              className="dayCell"
              id="dayCell"
              onClick={[Function]}
            >
              <div
                className="dayDate"
                id="dayHeader"
              >
                <div
                  className="dayText"
                >
                  <span>
                    9
                  </span>
                </div>
              </div>
            </div>
            <div
              className="dayCell"
              id="dayCell"
              onClick={[Function]}
            >
              <div
                className="dayDate"
                id="dayHeader"
              >
                <div
                  className="dayText"
                >
                  <span>
                    10
                  </span>
                </div>
              </div>
            </div>
          </div>
          <div
            className="weekRow"
          >
            <div
              className="dayCell"
              id="dayCell"
              onClick={[Function]}
            >
              <div
                className="dayDate"
                id="dayHeader"
              >
                <div
                  className="dayText"
                >
                  <span>
                    11
                  </span>
                </div>
              </div>
            </div>
            <div
              className="dayCell"
              id="dayCell"
              onClick={[Function]}
            >
              <div
                className="dayDate"
                id="dayHeader"
              >
                <div
                  className="dayText"
                >
                  <span>
                    12
                  </span>
                </div>
              </div>
            </div>
            <div
              className="dayCell"
              id="dayCell"
              onClick={[Function]}
            >
              <div
                className="dayDate"
                id="dayHeader"
              >
                <div
                  className="dayText"
                >
                  <span>
                    13
                  </span>
                </div>
              </div>
            </div>
            <div
              className="dayCell"
              id="dayCell"
              onClick={[Function]}
            >
              <div
                className="dayDate"
                id="dayHeader"
              >
                <div
                  className="dayText"
                >
                  <span>
                    14
                  </span>
                </div>
              </div>
            </div>
            <div
              className="dayCell"
              id="dayCell"
              onClick={[Function]}
            >
              <div
                className="dayDate"
                id="dayHeader"
              >
                <div
                  className="dayText"
                >
                  <span>
                    15
                  </span>
                </div>
              </div>
            </div>
            <div
              className="dayCell"
              id="dayCell"
              onClick={[Function]}
            >
              <div
                className="dayDate"
                id="dayHeader"
              >
                <div
                  className="dayText"
                >
                  <span>
                    16
                  </span>
                </div>
              </div>
            </div>
            <div
              className="dayCell"
              id="dayCell"
              onClick={[Function]}
            >
              <div
                className="dayDate"
                id="dayHeader"
              >
                <div
                  className="dayText currentDay"
                >
                  <span>
                    17
                  </span>
                </div>
              </div>
            </div>
          </div>
          <div
            className="weekRow"
          >
            <div
              className="dayCell"
              id="dayCell"
              onClick={[Function]}
            >
              <div
                className="dayDate"
                id="dayHeader"
              >
                <div
                  className="dayText"
                >
                  <span>
                    18
                  </span>
                </div>
              </div>
            </div>
            <div
              className="dayCell"
              id="dayCell"
              onClick={[Function]}
            >
              <div
                className="dayDate"
                id="dayHeader"
              >
                <div
                  className="dayText"
                >
                  <span>
                    19
                  </span>
                </div>
              </div>
            </div>
            <div
              className="dayCell"
              id="dayCell"
              onClick={[Function]}
            >
              <div
                className="dayDate"
                id="dayHeader"
              >
                <div
                  className="dayText"
                >
                  <span>
                    20
                  </span>
                </div>
              </div>
            </div>
            <div
              className="dayCell"
              id="dayCell"
              onClick={[Function]}
            >
              <div
                className="dayDate"
                id="dayHeader"
              >
                <div
                  className="dayText"
                >
                  <span>
                    21
                  </span>
                </div>
              </div>
            </div>
            <div
              className="dayCell"
              id="dayCell"
              onClick={[Function]}
            >
              <div
                className="dayDate"
                id="dayHeader"
              >
                <div
                  className="dayText"
                >
                  <span>
                    22
                  </span>
                </div>
              </div>
            </div>
            <div
              className="dayCell"
              id="dayCell"
              onClick={[Function]}
            >
              <div
                className="dayDate"
                id="dayHeader"
              >
                <div
                  className="dayText"
                >
                  <span>
                    23
                  </span>
                </div>
              </div>
            </div>
            <div
              className="dayCell"
              id="dayCell"
              onClick={[Function]}
            >
              <div
                className="dayDate"
                id="dayHeader"
              >
                <div
                  className="dayText"
                >
                  <span>
                    24
                  </span>
                </div>
              </div>
            </div>
          </div>
          <div
            className="weekRow"
          >
            <div
              className="dayCell"
              id="dayCell"
              onClick={[Function]}
            >
              <div
                className="dayDate"
                id="dayHeader"
              >
                <div
                  className="dayText"
                >
                  <span>
                    25
                  </span>
                </div>
              </div>
            </div>
            <div
              className="dayCell"
              id="dayCell"
              onClick={[Function]}
            >
              <div
                className="dayDate"
                id="dayHeader"
              >
                <div
                  className="dayText"
                >
                  <span>
                    26
                  </span>
                </div>
              </div>
            </div>
            <div
              className="dayCell"
              id="dayCell"
              onClick={[Function]}
            >
              <div
                className="dayDate"
                id="dayHeader"
              >
                <div
                  className="dayText"
                >
                  <span>
                    27
                  </span>
                </div>
              </div>
            </div>
            <div
              className="dayCell"
              id="dayCell"
              onClick={[Function]}
            >
              <div
                className="dayDate"
                id="dayHeader"
              >
                <div
                  className="dayText"
                >
                  <span>
                    28
                  </span>
                </div>
              </div>
            </div>
            <div
              className="dayCell"
              id="dayCell"
              onClick={[Function]}
            >
              <div
                className="dayDate"
                id="dayHeader"
              >
                <div
                  className="dayText"
                >
                  <span>
                    29
                  </span>
                </div>
              </div>
            </div>
            <div
              className="dayCell"
              id="dayCell"
              onClick={[Function]}
            >
              <div
                className="dayDate"
                id="dayHeader"
              >
                <div
                  className="dayText"
                >
                  <span>
                    30
                  </span>
                </div>
              </div>
            </div>
            <div
              className="dayCell"
              id="dayCell"
              onClick={[Function]}
            >
              <div
                className="dayDate"
                id="dayHeader"
              >
                <div
                  className="dayText"
                >
                  <span>
                    31
                  </span>
                </div>
              </div>
            </div>
          </div>
        </div>
      </div>
    </div>
  </div>
</div>
`;
