// Jest Snapshot v1, https://goo.gl/fbAQLP

exports[`#Header should match the snapshot 1`] = `
<div
  className="navbar navbar-expand-md dark"
  data-testid="header-test"
  style={
    Object {
      "height": 70,
    }
  }
>
  <div
    className="navbar-brand"
  >
    <a
      className="d-inline-block"
      href="#"
    >
      <h1
        className="dark"
        data-testid="header-text-test"
        style={
          Object {
            "fontWeight": "bold",
          }
        }
      >
        W-ScheduleViewer
      </h1>
    </a>
  </div>
  <div
    className="collapse navbar-collapse"
    id="navbar-mobile"
  >
    <ul
      className="navbar-nav"
    >
      <li
        className="nav-item"
      >
        <a
          className="navbar-nav-link sidebar-control sidebar-main-toggle d-none d-md-block"
          href="#"
        >
          <i
            className="icon-paragraph-justify3"
          />
        </a>
      </li>
    </ul>
    <span
      className="ml-md-3 mr-md-auto"
      data-testid="today-test"
      id="today-date"
      style={
        Object {
          "fontSize": "20px",
        }
      }
    >
      Sat Jul 17 2021
    </span>
    <ul
      className="navbar-nav"
    >
      <li
        className="nav-item dropdown dropdown-user"
      >
        <a
          className="navbar-nav-link d-flex align-items-center dropdown-toggle dark"
          data-toggle="dropdown"
        >
          <img
            alt=""
            className="rounded-circle mr-2"
            data-testid="profile-img-test"
            height="34"
            src={
              Object {
                "process": [Function],
              }
            }
          />
          <span>
            Nancy Kapadia
          </span>
        </a>
        <div
          className="dropdown-menu dropdown-menu-right"
        >
          <a
            className="dropdown-item"
            data-testid="full-moon-test"
            onClick={[Function]}
          >
            <img
              src={
                Object {
                  "process": [Function],
                }
              }
            />
            Full Moon
          </a>
          <a
            className="dropdown-item"
            data-testid="eclipse-test"
            onClick={[Function]}
          >
            <img
              src={
                Object {
                  "process": [Function],
                }
              }
            />
             Eclipse
          </a>
          <a
            className="dropdown-item"
            data-testid="new-moon-test"
            onClick={[Function]}
          >
            <img
              src={
                Object {
                  "process": [Function],
                }
              }
            />
             New Moon
          </a>
        </div>
      </li>
    </ul>
  </div>
</div>
`;
